// Jest Snapshot v1, https://goo.gl/fbAQLP

exports[`Checkbox component should match snapshot 1`] = `
<div>
  <label
    class="sc-aXZVg byPRVZ"
  >
    <input
      class="sc-gEvEer PwOzy"
      data-testid="checkbox"
      type="checkbox"
    />
    <span
      class="sc-eqUAAy dzTgSe"
    />
    Click me
  </label>
</div>
`;
