// Jest Snapshot v1, https://goo.gl/fbAQLP

exports[`List component should match snapshot 1`] = `
<div>
  <ul
    class="sc-aXZVg bLxpCv"
    direction="column"
  >
    <li
      class="sc-gEvEer iPakib"
    >
      <div>
        Item 1
      </div>
    </li>
    <li
      class="sc-gEvEer iPakib"
    >
      <div>
        Item 2
      </div>
    </li>
  </ul>
</div>
`;
