// Jest Snapshot v1, https://goo.gl/fbAQLP

exports[`VideoMessage component should match snapshot 1`] = `
<div>
  <div
    class="sc-gEvEer feBbvx"
  >
    <video
      class="sc-eqUAAy kGDrMu"
      src="video.mp4"
    />
    <p
      class="sc-aXZVg bdiBRO"
    >
      Watch this video
    </p>
  </div>
</div>
`;
