// Jest Snapshot v1, https://goo.gl/fbAQLP

exports[`MessageGroup component should match snapshot 1`] = `
<div>
  <div
    class="sc-eqUAAy hkHHhd"
    data-testid="message_group"
  >
    <div
      class="sc-gEvEer eJajcW  "
    >
      Message 1
    </div>
    <div
      class="sc-gEvEer eJajcW last "
    >
      Message 2
    </div>
  </div>
</div>
`;
