// Jest Snapshot v1, https://goo.gl/fbAQLP

exports[`MessageGroup component should match snapshot 1`] = `
<div>
  <div
    class="sc-dAlyuH kJqaud"
    data-testid="message_group"
  >
    <div
      class="sc-kpDqfm jUJZSW  "
    >
      <p
        class="sc-gEvEer ePxOia"
      >
        Message 1
      </p>
    </div>
    <div
      class="sc-kpDqfm jUJZSW last "
    >
      <p
        class="sc-gEvEer ePxOia"
      >
        Message 2
      </p>
    </div>
  </div>
</div>
`;
